2026-09-28 20:47:19 | 推送: token=HQMESSMT%402025&wstype=POST&wsno=6009&varJson=%5B%7B%22WORKORDER%22%3A%2212345%22%2C%22GSN%22%3A%22Welcome%20to%20NetAssist%22%2C%22SN%22%3A%22Welcome%20to%20NetAssist%22%7D%5D&outdatatype= | 返回: Error: 无法连接到远程服务器
2026-09-28 20:47:40 | 推送: token=HQMESSMT%402025&wstype=POST&wsno=6009&varJson=%5B%7B%22WORKORDER%22%3A%2212345%22%2C%22GSN%22%3A%22Welcome%20to%20NetAssist%22%2C%22SN%22%3A%22Welcome%20to%20NetAssist%22%7D%5D&outdatatype= | 返回: Error: 无法连接到远程服务器
2026-09-28 20:48:33 | 推送: token=HQMESSMT%402025&wstype=POST&wsno=6009&varJson=%5B%7B%22WORKORDER%22%3A%2212345%22%2C%22GSN%22%3A%22Welcome%20to%20MES%22%2C%22SN%22%3A%22Welcome%20to%20MES%22%7D%5D&outdatatype= | 返回: Error: 无法连接到远程服务器
2026-09-28 20:49:25 | 推送: token=HQMESSMT%402025&wstype=POST&wsno=6009&varJson=%5B%7B%22WORKORDER%22%3A%2212345%22%2C%22GSN%22%3A%22A0001%22%2C%22SN%22%3A%22A0001%2CA0002%2CA0003%22%7D%5D&outdatatype= | 返回: Error: 无法连接到远程服务器
2026-09-28 20:57:10 | 推送: token=HQMESSMT%402025&wstype=POST&wsno=6009&varJson=%5B%7B%22WORKORDER%22%3A%2212345%22%2C%22GSN%22%3A%22%7B%0D%0A%20%20%22data%22%3A%20%5B%0D%0A%20%20%20%20%22A0001%22%2C%0D%0A%20%20%20%20%22A0002%22%2C%0D%0A%20%20%20%20%22A000%22%0D%0A%20%20%5D%0D%0A%7D%22%2C%22SN%22%3A%22%7B%0D%0A%20%20%22data%22%3A%20%5B%0D%0A%20%20%20%20%22A0001%22%2C%0D%0A%20%20%20%20%22A0002%22%2C%0D%0A%20%20%20%20%22A000%22%0D%0A%20%20%5D%0D%0A%7D%22%7D%5D&outdatatype= | 返回: Error: 无法连接到远程服务器
2026-09-28 21:04:20 | 推送: token=HQMESSMT%402025&wstype=POST&wsno=6009&varJson=%5B%7B%22WORKORDER%22%3A%2212345%22%2C%22GSN%22%3A%22A0001%22%2C%22SN%22%3A%22A0001%2CA0002%2CA0003%22%7D%5D&outdatatype= | 返回: Error: 无法连接到远程服务器
2026-09-28 21:04:45 | 推送: token=HQMESSMT%402025&wstype=POST&wsno=6009&varJson=%5B%7B%22WORKORDER%22%3A%2212345%22%2C%22GSN%22%3A%22A0001%22%2C%22SN%22%3A%22A0001%2CA0002%2CA0003%22%7D%5D&outdatatype= | 返回: Error: 无法连接到远程服务器
2026-09-28 21:04:53 | 推送: token=HQMESSMT%402025&wstype=POST&wsno=6009&varJson=%5B%7B%22WORKORDER%22%3A%2212345%22%2C%22GSN%22%3A%22A0001%22%2C%22SN%22%3A%22A0001%2CA0002%2CA0003%22%7D%5D&outdatatype= | 返回: Error: 无法连接到远程服务器
2026-09-28 21:04:59 | 推送: token=HQMESSMT%402025&wstype=POST&wsno=6009&varJson=%5B%7B%22WORKORDER%22%3A%2212345%22%2C%22GSN%22%3A%22A0001%22%2C%22SN%22%3A%22A0001%2CA0002%2CA0003%22%7D%5D&outdatatype= | 返回: Error: 无法连接到远程服务器
2026-09-28 21:22:30 | 推送: token=HQMESSMT%402025&wstype=POST&wsno=6009&varJson=%5B%7B%22WORKORDER%22%3A%22hdyfui123456%22%2C%22GSN%22%3A%22A0001%22%2C%22SN%22%3A%22A0001%2CA0002%2CA0003%22%7D%5D&outdatatype= | 返回: {"returncode": "200", "returnmsg": "OK", "body": ""}
2026-09-28 21:31:36 | 推送: token=HQMESSMT%402025&wstype=POST&wsno=6009&varJson=%5B%7B%22WORKORDER%22%3A%22hdyfui123456%22%2C%22GSN%22%3A%22abcdefg%22%2C%22SN%22%3A%22abcdefg%22%7D%5D&outdatatype= | 返回: {"returncode": "200", "returnmsg": "OK", "body": ""}
2026-09-28 21:31:38 | 推送: token=HQMESSMT%402025&wstype=POST&wsno=6009&varJson=%5B%7B%22WORKORDER%22%3A%22hdyfui123456%22%2C%22GSN%22%3A%22abcdefg%22%2C%22SN%22%3A%22abcdefg%22%7D%5D&outdatatype= | 返回: {"returncode": "200", "returnmsg": "OK", "body": ""}
2026-09-28 21:32:00 | 推送: token=HQMESSMT%402025&wstype=POST&wsno=6009&varJson=%5B%7B%22WORKORDER%22%3A%22hdyfui123456%22%2C%22GSN%22%3A%22jidgbfudh%22%2C%22SN%22%3A%22jidgbfudh%22%7D%5D&outdatatype= | 返回: {"returncode": "200", "returnmsg": "OK", "body": ""}
2026-09-28 21:32:09 | 推送: token=HQMESSMT%402025&wstype=POST&wsno=6009&varJson=%5B%7B%22WORKORDER%22%3A%22hdyfui123456%22%2C%22GSN%22%3A%22success%22%2C%22SN%22%3A%22success%22%7D%5D&outdatatype= | 返回: {"returncode": "200", "returnmsg": "OK", "body": ""}
2026-09-28 21:42:18 | ----------------------------------------
接收数据: success
推送内容: token=HQMESSMT%402025&wstype=POST&wsno=6009&varJson=%5B%7B%22WORKORDER%22%3A%22hdyfui123456%22%2C%22GSN%22%3A%22success%22%2C%22SN%22%3A%22success%22%7D%5D&outdatatype=
返回结果: {"returncode": "200", "returnmsg": "OK", "body": ""}
2026-09-28 21:43:41 | ----------------------------------------
接收数据: success
推送内容: token=HQMESSMT%402025&wstype=POST&wsno=6010&varJson=%5B%7B%22WORKORDER%22%3A%22hdyfui123456%22%2C%22GSN%22%3A%22success%22%2C%22SN%22%3A%22success%22%7D%5D&outdatatype=
返回结果: {"returncode": "200", "returnmsg": "OK", "body": ""}
2026-09-28 21:58:54	推送	success	token=HQMESSMT%402025&wstype=POST&wsno=7687&varJson=%5B%7B%22WORKORDER%22%3A%22hdyfui123456%22%2C%22GSN%22%3A%22success%22%2C%22SN%22%3A%22success%22%7D%5D&outdatatype=	{"returncode": "200", "returnmsg": "OK", "body": ""}
2026-09-28 21:59:08	推送	success	token=HQMESSMT%402025&wstype=POST&wsno=7687&varJson=%5B%7B%22WORKORDER%22%3A%22hdyfui123456%22%2C%22GSN%22%3A%22success%22%2C%22SN%22%3A%22success%22%7D%5D&outdatatype=	{"returncode": "200", "returnmsg": "OK", "body": ""}
2026-09-28 21:59:09	推送	successsuccesssuccess	token=HQMESSMT%402025&wstype=POST&wsno=7687&varJson=%5B%7B%22WORKORDER%22%3A%22hdyfui123456%22%2C%22GSN%22%3A%22successsuccesssuccess%22%2C%22SN%22%3A%22successsuccesssuccess%22%7D%5D&outdatatype=	{"returncode": "200", "returnmsg": "OK", "body": ""}
2026-09-28 22:07:31	推送	successsuccesssuccesssuccesssuccesssuccesssuccesssuccesssuccesssuccesssuccesssuccesssuccesssuccesssuccesssuccesssuccesssuccesssuccesssuccesssuccesssuccesssuccesssuccesssuccesssuccesssuccesssuccesssuccesssuccesssuccess	token=HQMESSMT%402025&wstype=POST&wsno=7687&varJson=%5B%7B%22WORKORDER%22%3A%22hdyfui123456%22%2C%22GSN%22%3A%22successsuccesssuccesssuccesssuccesssuccesssuccesssuccesssuccesssuccesssuccesssuccesssuccesssuccesssuccesssuccesssuccesssuccesssuccesssuccesssuccesssuccesssuccesssuccesssuccesssuccesssuccesssuccesssuccesssuccesssuccess%22%2C%22SN%22%3A%22successsuccesssuccesssuccesssuccesssuccesssuccesssuccesssuccesssuccesssuccesssuccesssuccesssuccesssuccesssuccesssuccesssuccesssuccesssuccesssuccesssuccesssuccesssuccesssuccesssuccesssuccesssuccesssuccesssuccesssuccess%22%7D%5D&outdatatype=	{"returncode": "200", "returnmsg": "OK", "body": ""}
2026-09-28 22:07:57	推送	success	token=HQMESSMT%402025&wstype=POST&wsno=7687&varJson=%5B%7B%22WORKORDER%22%3A%22hdyfui123456%22%2C%22GSN%22%3A%22success%22%2C%22SN%22%3A%22success%22%7D%5D&outdatatype=	{"returncode": "200", "returnmsg": "OK", "body": ""}
2026-09-28 22:07:58	推送	success	token=HQMESSMT%402025&wstype=POST&wsno=7687&varJson=%5B%7B%22WORKORDER%22%3A%22hdyfui123456%22%2C%22GSN%22%3A%22success%22%2C%22SN%22%3A%22success%22%7D%5D&outdatatype=	{"returncode": "200", "returnmsg": "OK", "body": ""}
2026-09-28 22:07:59	推送	success	token=HQMESSMT%402025&wstype=POST&wsno=7687&varJson=%5B%7B%22WORKORDER%22%3A%22hdyfui123456%22%2C%22GSN%22%3A%22success%22%2C%22SN%22%3A%22success%22%7D%5D&outdatatype=	{"returncode": "200", "returnmsg": "OK", "body": ""}
2026-09-28 22:07:59	推送	success	token=HQMESSMT%402025&wstype=POST&wsno=7687&varJson=%5B%7B%22WORKORDER%22%3A%22hdyfui123456%22%2C%22GSN%22%3A%22success%22%2C%22SN%22%3A%22success%22%7D%5D&outdatatype=	{"returncode": "200", "returnmsg": "OK", "body": ""}
2026-09-28 22:08:02	推送	success	token=HQMESSMT%402025&wstype=POST&wsno=7687&varJson=%5B%7B%22WORKORDER%22%3A%22hdyfui123456%22%2C%22GSN%22%3A%22success%22%2C%22SN%22%3A%22success%22%7D%5D&outdatatype=	{"returncode": "200", "returnmsg": "OK", "body": ""}
2026-09-28 22:08:03	推送	success	token=HQMESSMT%402025&wstype=POST&wsno=7687&varJson=%5B%7B%22WORKORDER%22%3A%22hdyfui123456%22%2C%22GSN%22%3A%22success%22%2C%22SN%22%3A%22success%22%7D%5D&outdatatype=	{"returncode": "200", "returnmsg": "OK", "body": ""}
2026-09-28 22:08:04	推送	success	token=HQMESSMT%402025&wstype=POST&wsno=7687&varJson=%5B%7B%22WORKORDER%22%3A%22hdyfui123456%22%2C%22GSN%22%3A%22success%22%2C%22SN%22%3A%22success%22%7D%5D&outdatatype=	{"returncode": "200", "returnmsg": "OK", "body": ""}
2026-09-28 22:08:05	推送	successsuccess	token=HQMESSMT%402025&wstype=POST&wsno=7687&varJson=%5B%7B%22WORKORDER%22%3A%22hdyfui123456%22%2C%22GSN%22%3A%22successsuccess%22%2C%22SN%22%3A%22successsuccess%22%7D%5D&outdatatype=	{"returncode": "200", "returnmsg": "OK", "body": ""}
2026-09-28 22:17:01	推送	success	token=HQMESSMT%402025&wstype=POST&wsno=7687&varJson=%5B%7B%22WORKORDER%22%3A%22hdyfui123456%22%2C%22GSN%22%3A%22success%22%2C%22SN%22%3A%22success%22%7D%5D&outdatatype=	{"returncode": "200", "returnmsg": "OK", "body": ""}
2026-09-28 22:17:05	推送	success	token=HQMESSMT%402025&wstype=POST&wsno=7687&varJson=%5B%7B%22WORKORDER%22%3A%22hdyfui123456%22%2C%22GSN%22%3A%22success%22%2C%22SN%22%3A%22success%22%7D%5D&outdatatype=	{"returncode": "200", "returnmsg": "OK", "body": ""}
